OpenJDK 64-Bit Server VM (25.191-b12) for linux-amd64 JRE (1.8.0_191-8u191-b12-2ubuntu0.18.04.1-b12), built on Jan 14 2019 21:02:00 by "buildd" with gcc 7.3.0
Memory: 4k page, physical 3331556k(86928k free), swap 483800k(483020k free)
CommandLine flags: -XX:+ExplicitGCInvokesConcurrent -XX:GCLogFileSize=104857600 -XX:InitialHeapSize=1073741824 -XX:InitiatingHeapOccupancyPercent=35 -XX:+ManagementServer -XX:MaxGCPauseMillis=20 -XX:MaxHeapSize=1073741824 -XX:NumberOfGCLogFiles=10 -XX:+PrintGC -XX:+PrintGCDateStamps -XX:+PrintGCDetails -XX:+PrintGCTimeStamps -XX:+UseCompressedClassPointers -XX:+UseCompressedOops -XX:+UseG1GC -XX:+UseGCLogFileRotation 
2019-04-05T15:06:31.576+0200: 4,483: [GC pause (G1 Evacuation Pause) (young), 0,0725936 secs]
   [Parallel Time: 49,3 ms, GC Workers: 1]
      [GC Worker Start (ms):  4482,9]
      [Ext Root Scanning (ms):  6,2]
      [Update RS (ms):  0,0]
         [Processed Buffers:  0]
      [Scan RS (ms):  0,0]
      [Code Root Scanning (ms):  1,4]
      [Object Copy (ms):  41,7]
      [Termination (ms):  0,0]
         [Termination Attempts:  1]
      [GC Worker Other (ms):  0,0]
      [GC Worker Total (ms):  49,3]
      [GC Worker End (ms):  4532,2]
   [Code Root Fixup: 0,0 ms]
   [Code Root Purge: 0,1 ms]
   [Clear CT: 0,1 ms]
   [Other: 23,1 ms]
      [Choose CSet: 0,0 ms]
      [Ref Proc: 22,5 ms]
      [Ref Enq: 0,1 ms]
      [Redirty Cards: 0,0 ms]
      [Humongous Register: 0,1 ms]
      [Humongous Reclaim: 0,0 ms]
      [Free CSet: 0,1 ms]
   [Eden: 51,0M(51,0M)->0,0B(44,0M) Survivors: 0,0B->7168,0K Heap: 51,0M(1024,0M)->8700,0K(1024,0M)]
 [Times: user=0,02 sys=0,00, real=0,07 secs] 
2019-04-05T15:06:32.178+0200: 5,085: [GC pause (Metadata GC Threshold) (young) (initial-mark), 0,0362855 secs]
   [Parallel Time: 31,0 ms, GC Workers: 1]
      [GC Worker Start (ms):  5084,9]
      [Ext Root Scanning (ms):  3,0]
      [Update RS (ms):  0,1]
         [Processed Buffers:  1]
      [Scan RS (ms):  0,2]
      [Code Root Scanning (ms):  1,0]
      [Object Copy (ms):  26,6]
      [Termination (ms):  0,0]
         [Termination Attempts:  1]
      [GC Worker Other (ms):  0,0]
      [GC Worker Total (ms):  30,9]
      [GC Worker End (ms):  5115,9]
   [Code Root Fixup: 0,1 ms]
   [Code Root Purge: 0,0 ms]
   [Clear CT: 0,0 ms]
   [Other: 5,2 ms]
      [Choose CSet: 0,0 ms]
      [Ref Proc: 4,8 ms]
      [Ref Enq: 0,0 ms]
      [Redirty Cards: 0,0 ms]
      [Humongous Register: 0,0 ms]
      [Humongous Reclaim: 0,0 ms]
      [Free CSet: 0,0 ms]
   [Eden: 18,0M(44,0M)->0,0B(44,0M) Survivors: 7168,0K->7168,0K Heap: 26,4M(1024,0M)->8700,0K(1024,0M)]
 [Times: user=0,02 sys=0,00, real=0,04 secs] 
2019-04-05T15:06:32.215+0200: 5,121: [GC concurrent-root-region-scan-start]
2019-04-05T15:06:32.252+0200: 5,158: [GC concurrent-root-region-scan-end, 0,0372061 secs]
2019-04-05T15:06:32.252+0200: 5,158: [GC concurrent-mark-start]
2019-04-05T15:06:32.253+0200: 5,159: [GC concurrent-mark-end, 0,0007723 secs]
2019-04-05T15:06:32.253+0200: 5,159: [GC remark 2019-04-05T15:06:32.253+0200: 5,159: [Finalize Marking, 0,0000552 secs] 2019-04-05T15:06:32.253+0200: 5,159: [GC ref-proc, 0,0001690 secs] 2019-04-05T15:06:32.253+0200: 5,160: [Unloading, 0,0095270 secs], 0,0121067 secs]
 [Times: user=0,01 sys=0,00, real=0,02 secs] 
2019-04-05T15:06:32.265+0200: 5,172: [GC cleanup 9211K->7679K(1024M), 0,0016632 secs]
 [Times: user=0,00 sys=0,00, real=0,00 secs] 
2019-04-05T15:06:32.267+0200: 5,173: [GC concurrent-cleanup-start]
2019-04-05T15:06:32.267+0200: 5,173: [GC concurrent-cleanup-end, 0,0000116 secs]
2019-04-05T15:06:35.477+0200: 8,383: [GC pause (G1 Evacuation Pause) (young), 0,0645986 secs]
   [Parallel Time: 59,4 ms, GC Workers: 1]
      [GC Worker Start (ms):  8383,6]
      [Ext Root Scanning (ms):  7,1]
      [Update RS (ms):  0,0]
         [Processed Buffers:  1]
      [Scan RS (ms):  0,0]
      [Code Root Scanning (ms):  6,4]
      [Object Copy (ms):  45,9]
      [Termination (ms):  0,0]
         [Termination Attempts:  1]
      [GC Worker Other (ms):  0,0]
      [GC Worker Total (ms):  59,4]
      [GC Worker End (ms):  8443,0]
   [Code Root Fixup: 0,1 ms]
   [Code Root Purge: 0,0 ms]
   [Clear CT: 3,0 ms]
   [Other: 2,1 ms]
      [Choose CSet: 0,0 ms]
      [Ref Proc: 1,5 ms]
      [Ref Enq: 0,0 ms]
      [Redirty Cards: 0,1 ms]
      [Humongous Register: 0,0 ms]
      [Humongous Reclaim: 0,0 ms]
      [Free CSet: 0,2 ms]
   [Eden: 44,0M(44,0M)->0,0B(44,0M) Survivors: 7168,0K->7168,0K Heap: 179,0M(1024,0M)->138,6M(1024,0M)]
 [Times: user=0,03 sys=0,00, real=0,06 secs] 
2019-04-05T15:19:19.849+0200: 772,755: [GC pause (G1 Evacuation Pause) (young), 0,0797602 secs]
   [Parallel Time: 76,9 ms, GC Workers: 1]
      [GC Worker Start (ms):  772755,7]
      [Ext Root Scanning (ms):  13,2]
      [Update RS (ms):  13,7]
         [Processed Buffers:  28]
      [Scan RS (ms):  0,8]
      [Code Root Scanning (ms):  1,6]
      [Object Copy (ms):  47,6]
      [Termination (ms):  0,0]
         [Termination Attempts:  1]
      [GC Worker Other (ms):  0,0]
      [GC Worker Total (ms):  76,8]
      [GC Worker End (ms):  772832,5]
   [Code Root Fixup: 0,0 ms]
   [Code Root Purge: 0,1 ms]
   [Clear CT: 0,0 ms]
   [Other: 2,7 ms]
      [Choose CSet: 0,0 ms]
      [Ref Proc: 2,0 ms]
      [Ref Enq: 0,0 ms]
      [Redirty Cards: 0,0 ms]
      [Humongous Register: 0,1 ms]
      [Humongous Reclaim: 0,0 ms]
      [Free CSet: 0,1 ms]
   [Eden: 44,0M(44,0M)->0,0B(44,0M) Survivors: 7168,0K->7168,0K Heap: 182,6M(1024,0M)->140,0M(1024,0M)]
 [Times: user=0,05 sys=0,00, real=0,09 secs] 
2019-04-05T15:19:22.947+0200: 775,854: [GC pause (Metadata GC Threshold) (young) (initial-mark), 0,0589128 secs]
   [Parallel Time: 57,9 ms, GC Workers: 1]
      [GC Worker Start (ms):  775854,2]
      [Ext Root Scanning (ms):  7,2]
      [Update RS (ms):  0,2]
         [Processed Buffers:  12]
      [Scan RS (ms):  1,0]
      [Code Root Scanning (ms):  1,0]
      [Object Copy (ms):  48,3]
      [Termination (ms):  0,0]
         [Termination Attempts:  1]
      [GC Worker Other (ms):  0,0]
      [GC Worker Total (ms):  57,7]
      [GC Worker End (ms):  775911,9]
   [Code Root Fixup: 0,0 ms]
   [Code Root Purge: 0,0 ms]
   [Clear CT: 0,0 ms]
   [Other: 0,9 ms]
      [Choose CSet: 0,0 ms]
      [Ref Proc: 0,4 ms]
      [Ref Enq: 0,0 ms]
      [Redirty Cards: 0,1 ms]
      [Humongous Register: 0,0 ms]
      [Humongous Reclaim: 0,0 ms]
      [Free CSet: 0,0 ms]
   [Eden: 25,0M(44,0M)->0,0B(47,0M) Survivors: 7168,0K->4096,0K Heap: 164,0M(1024,0M)->140,0M(1024,0M)]
 [Times: user=0,06 sys=0,00, real=0,06 secs] 
2019-04-05T15:19:23.007+0200: 775,913: [GC concurrent-root-region-scan-start]
2019-04-05T15:19:23.065+0200: 775,971: [GC concurrent-root-region-scan-end, 0,0584114 secs]
2019-04-05T15:19:23.065+0200: 775,971: [GC concurrent-mark-start]
2019-04-05T15:19:23.235+0200: 776,142: [GC concurrent-mark-end, 0,1704497 secs]
2019-04-05T15:19:23.238+0200: 776,145: [GC remark 2019-04-05T15:19:23.238+0200: 776,145: [Finalize Marking, 0,0001902 secs] 2019-04-05T15:19:23.239+0200: 776,145: [GC ref-proc, 0,0006545 secs] 2019-04-05T15:19:23.239+0200: 776,146: [Unloading, 0,0634191 secs], 0,0791116 secs]
 [Times: user=0,04 sys=0,00, real=0,08 secs] 
2019-04-05T15:19:23.319+0200: 776,225: [GC cleanup 142M->141M(1024M), 0,0015296 secs]
 [Times: user=0,00 sys=0,00, real=0,00 secs] 
2019-04-05T15:19:23.321+0200: 776,227: [GC concurrent-cleanup-start]
2019-04-05T15:19:23.321+0200: 776,227: [GC concurrent-cleanup-end, 0,0000130 secs]
2019-04-05T15:33:10.268+0200: 1603,174: [GC pause (G1 Evacuation Pause) (young), 0,0340414 secs]
   [Parallel Time: 23,1 ms, GC Workers: 1]
      [GC Worker Start (ms):  1603184,0]
      [Ext Root Scanning (ms):  3,5]
      [Update RS (ms):  8,1]
         [Processed Buffers:  49]
      [Scan RS (ms):  0,7]
      [Code Root Scanning (ms):  1,5]
      [Object Copy (ms):  9,3]
      [Termination (ms):  0,0]
         [Termination Attempts:  1]
      [GC Worker Other (ms):  0,0]
      [GC Worker Total (ms):  23,1]
      [GC Worker End (ms):  1603207,1]
   [Code Root Fixup: 0,0 ms]
   [Code Root Purge: 0,0 ms]
   [Clear CT: 0,0 ms]
   [Other: 10,8 ms]
      [Choose CSet: 0,0 ms]
      [Ref Proc: 0,5 ms]
      [Ref Enq: 0,0 ms]
      [Redirty Cards: 0,0 ms]
      [Humongous Register: 0,1 ms]
      [Humongous Reclaim: 0,0 ms]
      [Free CSet: 0,0 ms]
   [Eden: 47,0M(47,0M)->0,0B(46,0M) Survivors: 4096,0K->5120,0K Heap: 186,0M(1024,0M)->140,0M(1024,0M)]
 [Times: user=0,03 sys=0,00, real=0,04 secs] 
