OpenJDK 64-Bit Server VM (25.191-b12) for linux-amd64 JRE (1.8.0_191-8u191-b12-2ubuntu0.18.04.1-b12), built on Jan 14 2019 21:02:00 by "buildd" with gcc 7.3.0
Memory: 4k page, physical 3331556k(118784k free), swap 483800k(483020k free)
CommandLine flags: -XX:+ExplicitGCInvokesConcurrent -XX:GCLogFileSize=104857600 -XX:InitialHeapSize=536870912 -XX:InitiatingHeapOccupancyPercent=35 -XX:+ManagementServer -XX:MaxGCPauseMillis=20 -XX:MaxHeapSize=536870912 -XX:NumberOfGCLogFiles=10 -XX:+PrintGC -XX:+PrintGCDateStamps -XX:+PrintGCDetails -XX:+PrintGCTimeStamps -XX:+UseCompressedClassPointers -XX:+UseCompressedOops -XX:+UseG1GC -XX:+UseGCLogFileRotation 
2019-04-05T15:31:00.255+0200: 1517,697: [GC pause (G1 Evacuation Pause) (young), 0,1342022 secs]
   [Parallel Time: 45,7 ms, GC Workers: 1]
      [GC Worker Start (ms):  1517763,1]
      [Ext Root Scanning (ms):  28,0]
      [Update RS (ms):  0,0]
         [Processed Buffers:  0]
      [Scan RS (ms):  0,0]
      [Code Root Scanning (ms):  1,1]
      [Object Copy (ms):  15,8]
      [Termination (ms):  0,0]
         [Termination Attempts:  1]
      [GC Worker Other (ms):  0,0]
      [GC Worker Total (ms):  45,0]
      [GC Worker End (ms):  1517808,1]
   [Code Root Fixup: 16,8 ms]
   [Code Root Purge: 0,0 ms]
   [Clear CT: 0,0 ms]
   [Other: 71,6 ms]
      [Choose CSet: 0,0 ms]
      [Ref Proc: 6,4 ms]
      [Ref Enq: 0,0 ms]
      [Redirty Cards: 0,0 ms]
      [Humongous Register: 0,0 ms]
      [Humongous Reclaim: 0,0 ms]
      [Free CSet: 0,1 ms]
   [Eden: 25,0M(25,0M)->0,0B(21,0M) Survivors: 0,0B->4096,0K Heap: 25,0M(512,0M)->3686,0K(512,0M)]
 [Times: user=0,01 sys=0,01, real=0,23 secs] 
Heap
 garbage-first heap   total 524288K, used 4710K [0x00000000e0000000, 0x00000000e0101000, 0x0000000100000000)
  region size 1024K, 6 young (6144K), 4 survivors (4096K)
 Metaspace       used 10299K, capacity 10514K, committed 10752K, reserved 1058816K
  class space    used 1151K, capacity 1223K, committed 1280K, reserved 1048576K
